foundry-esm.js:66702 Foundry VTT | Foundry Virtual Tabletop ESModule loaded
foundry.js:95945 _______________________________________________________________
 _____ ___  _   _ _   _ ____  ______   __ __     _______ _____ 
|  ___/ _ \| | | | \ | |  _ \|  _ \ \ / / \ \   / |_   _|_   _|
| |_ | | | | | | |  \| | | | | |_) \ V /   \ \ / /  | |   | |  
|  _|| |_| | |_| | |\  | |_| |  _ < | |     \ V /   | |   | |  
|_|   \___/ \___/|_| \_|____/|_| \_\|_|      \_/    |_|   |_|  
===============================================================
foundry.js:95968 Foundry VTT | Reestablishing existing session fd6a225c2c1a686784790359
game:1 <meta name="apple-mobile-web-app-capable" content="yes"> is deprecated. Please include <meta name="mobile-web-app-capable" content="yes">
foundry.js:8824 Foundry VTT | Connected to server socket using session fd6a225c2c1a686784790359
foundry.js:8978 Foundry VTT | Initializing Foundry Virtual Tabletop Game
foundry.js:3699 Foundry VTT | Synchronized official game time in 22ms
foundry.js:7699 Foundry VTT | Loaded localization file lang/en.json
foundry.js:7699 Foundry VTT | Loaded localization file systems/never-stop-blowing-up/lang/en.json
nsbu.js:424 === NSBU SYSTEM LOADED ===
nsbu.js:425 Total packs available: 2
nsbu.js:426 System packs registered in system.json:
nsbu.js:429 Packs from system.json: Set(3) {{…}, {…}, {…}}[[Entries]]0: Object1: Object2: Objectsize: 3[[Prototype]]: Set
nsbu.js:431 Compendium Packs Available:
nsbu.js:434 ✓ Player Abilities (never-stop-blowing-up.abilities)
foundry.js:5827 Foundry VTT | Rendering SceneNavigation
foundry.js:5827 Foundry VTT | Rendering Notifications
foundry.js:5827 Foundry VTT | Rendering Sidebar
foundry.js:5827 Foundry VTT | Rendering PlayerList
foundry.js:5827 Foundry VTT | Rendering Hotbar
foundry.js:5827 Foundry VTT | Rendering Pause
foundry.js:5827 Foundry VTT | Rendering SceneControls
nsbu.js:456   - Contains 36 player abilities
nsbu.js:434 ✓ Group Abilities (never-stop-blowing-up.group-abilities)
nsbu.js:440   - Contains 27 group abilities organized by die size
nsbu.js:444   - Sample entries:
nsbu.js:446     • 3 Alpha Squad (d10) - Skill Add
nsbu.js:446     • 1 Criminal Conspiracy (d6) - Tech
nsbu.js:446     • 1 Criminal Conspiracy (d6) - Item
nsbu.js:479 === SYSTEM READY ===
foundry.js:7846 Foundry VTT | Retrieved and compiled template templates/hud/toolclip.html
foundry.js:7846 Foundry VTT | Retrieved and compiled template templates/hud/navigation.html
foundry.js:7846 Foundry VTT | Retrieved and compiled template templates/sidebar/sidebar.html
foundry.js:5827 Foundry VTT | Rendering ChatLog
foundry.js:5827 Foundry VTT | Rendering CombatTracker
foundry.js:5827 Foundry VTT | Rendering Settings
foundry.js:7846 Foundry VTT | Retrieved and compiled template templates/user/players.html
foundry.js:7846 Foundry VTT | Retrieved and compiled template templates/hud/hotbar.html
foundry.js:7846 Foundry VTT | Retrieved and compiled template templates/hud/pause.html
foundry.js:7846 Foundry VTT | Retrieved and compiled template templates/hud/controls.html
foundry.js:7846 Foundry VTT | Retrieved and compiled template templates/sidebar/partials/document-partial.html
foundry.js:7846 Foundry VTT | Retrieved and compiled template templates/sidebar/folder-partial.html
foundry.js:5827 Foundry VTT | Rendering ActorDirectory
foundry.js:7846 Foundry VTT | Retrieved and compiled template templates/sidebar/partials/document-partial.html
foundry.js:7846 Foundry VTT | Retrieved and compiled template templates/sidebar/folder-partial.html
foundry.js:5827 Foundry VTT | Rendering CardsDirectory
foundry.js:7846 Foundry VTT | Retrieved and compiled template templates/sidebar/partials/pack-partial.html
foundry.js:7846 Foundry VTT | Retrieved and compiled template templates/sidebar/folder-partial.html
foundry.js:5827 Foundry VTT | Rendering CompendiumDirectory
foundry.js:7846 Foundry VTT | Retrieved and compiled template templates/sidebar/partials/document-partial.html
foundry.js:7846 Foundry VTT | Retrieved and compiled template templates/sidebar/folder-partial.html
foundry.js:5827 Foundry VTT | Rendering ItemDirectory
foundry.js:7846 Foundry VTT | Retrieved and compiled template templates/sidebar/partials/document-partial.html
foundry.js:7846 Foundry VTT | Retrieved and compiled template templates/sidebar/folder-partial.html
foundry.js:5827 Foundry VTT | Rendering JournalDirectory
foundry.js:7846 Foundry VTT | Retrieved and compiled template templates/sidebar/partials/playlist-partial.html
foundry.js:7846 Foundry VTT | Retrieved and compiled template templates/sidebar/folder-partial.html
foundry.js:5827 Foundry VTT | Rendering PlaylistDirectory
foundry.js:7846 Foundry VTT | Retrieved and compiled template templates/sidebar/scene-partial.html
foundry.js:7846 Foundry VTT | Retrieved and compiled template templates/sidebar/folder-partial.html
foundry.js:5827 Foundry VTT | Rendering SceneDirectory
foundry.js:7846 Foundry VTT | Retrieved and compiled template templates/sidebar/partials/document-partial.html
foundry.js:7846 Foundry VTT | Retrieved and compiled template templates/sidebar/folder-partial.html
foundry.js:5827 Foundry VTT | Rendering RollTableDirectory
foundry.js:7846 Foundry VTT | Retrieved and compiled template templates/sidebar/chat-log.html
foundry.js:7846 Foundry VTT | Retrieved and compiled template templates/sidebar/combat-tracker.html
foundry.js:7846 Foundry VTT | Retrieved and compiled template templates/sidebar/settings.html
foundry.js:7846 Foundry VTT | Retrieved and compiled template templates/sidebar/document-directory.html
foundry.js:7846 Foundry VTT | Retrieved and compiled template templates/sidebar/document-directory.html
foundry.js:7846 Foundry VTT | Retrieved and compiled template templates/sidebar/compendium-directory.html
foundry.js:7846 Foundry VTT | Retrieved and compiled template templates/sidebar/document-directory.html
foundry.js:7846 Foundry VTT | Retrieved and compiled template templates/sidebar/document-directory.html
foundry.js:7846 Foundry VTT | Retrieved and compiled template templates/sidebar/playlists-directory.html
foundry.js:7846 Foundry VTT | Retrieved and compiled template templates/sidebar/document-directory.html
foundry.js:7846 Foundry VTT | Retrieved and compiled template templates/sidebar/document-directory.html
foundry.js:76874 Foundry VTT | Fonts loaded and ready.
foundry.js:25199 Foundry VTT | Skipping game canvas - no active scene.
foundry.js:8886 Applying buffered socket event: userActivity
foundry.js:7846 Foundry VTT | Retrieved and compiled template templates/sidebar/chat-message.html
